// Jest Snapshot v1, https://goo.gl/fbAQLP

exports[`ContactOutcome renders correctly on load 1`] = `
<div
  className="css-5xql2q"
>
  <div
    className="MuiGrid-container-1 MuiGrid-spacing-xs-8-23 MuiGrid-wrap-xs-nowrap-7 MuiGrid-justify-xs-flex-end-19"
  >
    <div
      className="MuiGrid-item-2"
    >
      <button
        className="MuiButtonBase-root-124 MuiButton-root-98 MuiButton-outlined-106 no-contact-btn"
        disabled={false}
        onBlur={[Function]}
        onClick={[Function]}
        onContextMenu={[Function]}
        onFocus={[Function]}
        onKeyDown={[Function]}
        onKeyUp={[Function]}
        onMouseDown={[Function]}
        onMouseLeave={[Function]}
        onMouseUp={[Function]}
        onTouchEnd={[Function]}
        onTouchMove={[Function]}
        onTouchStart={[Function]}
        tabIndex="0"
        type="button"
      >
        <span
          className="MuiButton-label-99"
        >
          No Contact (Left VM)
        </span>
        <span
          className="MuiTouchRipple-root-162"
        />
      </button>
    </div>
    <div
      className="MuiGrid-item-2"
    >
      <button
        className="MuiButtonBase-root-124 MuiButton-root-98 MuiButton-outlined-106 no-contact-btn"
        disabled={false}
        onBlur={[Function]}
        onClick={[Function]}
        onContextMenu={[Function]}
        onFocus={[Function]}
        onKeyDown={[Function]}
        onKeyUp={[Function]}
        onMouseDown={[Function]}
        onMouseLeave={[Function]}
        onMouseUp={[Function]}
        onTouchEnd={[Function]}
        onTouchMove={[Function]}
        onTouchStart={[Function]}
        tabIndex="0"
        type="button"
      >
        <span
          className="MuiButton-label-99"
        >
          No Contact (No VM)
        </span>
        <span
          className="MuiTouchRipple-root-162"
        />
      </button>
    </div>
    <div
      className="MuiGrid-item-2"
    >
      <button
        className="MuiButtonBase-root-124 MuiIconButton-root-127 dropdown-icon-btn"
        disabled={false}
        onBlur={[Function]}
        onClick={[Function]}
        onContextMenu={[Function]}
        onFocus={[Function]}
        onKeyDown={[Function]}
        onKeyUp={[Function]}
        onMouseDown={[Function]}
        onMouseLeave={[Function]}
        onMouseUp={[Function]}
        onTouchEnd={[Function]}
        onTouchMove={[Function]}
        onTouchStart={[Function]}
        tabIndex="0"
        type="button"
      >
        <span
          className="MuiIconButton-label-132"
        >
          <svg
            aria-hidden="true"
            className="MuiSvgIcon-root-133"
            focusable="false"
            role="presentation"
            viewBox="0 0 24 24"
          >
            <path
              d="M7 10l5 5 5-5z"
            />
            <path
              d="M0 0h24v24H0z"
              fill="none"
            />
          </svg>
        </span>
        <span
          className="MuiTouchRipple-root-162"
        />
      </button>
      <li
        className="MuiButtonBase-root-124 MuiListItem-root-145 MuiListItem-default-148 MuiListItem-gutters-153 MuiListItem-button-154 MuiMenuItem-root-142 MuiMenuItem-gutters-143"
        onBlur={[Function]}
        onClick={[Function]}
        onContextMenu={[Function]}
        onFocus={[Function]}
        onKeyDown={[Function]}
        onKeyUp={[Function]}
        onMouseDown={[Function]}
        onMouseLeave={[Function]}
        onMouseUp={[Function]}
        onTouchEnd={[Function]}
        onTouchMove={[Function]}
        onTouchStart={[Function]}
        role="menuitem"
        tabIndex={-1}
      >
        NTU - Customer Not Interested
        <span
          className="MuiTouchRipple-root-162"
        />
      </li>
      <li
        className="MuiButtonBase-root-124 MuiListItem-root-145 MuiListItem-default-148 MuiListItem-gutters-153 MuiListItem-button-154 MuiMenuItem-root-142 MuiMenuItem-gutters-143"
        onBlur={[Function]}
        onClick={[Function]}
        onContextMenu={[Function]}
        onFocus={[Function]}
        onKeyDown={[Function]}
        onKeyUp={[Function]}
        onMouseDown={[Function]}
        onMouseLeave={[Function]}
        onMouseUp={[Function]}
        onTouchEnd={[Function]}
        onTouchMove={[Function]}
        onTouchStart={[Function]}
        role="menuitem"
        tabIndex={-1}
      >
        Warm Transfer to Account Manager
        <span
          className="MuiTouchRipple-root-162"
        />
      </li>
      <li
        className="MuiButtonBase-root-124 MuiListItem-root-145 MuiListItem-default-148 MuiListItem-gutters-153 MuiListItem-button-154 MuiMenuItem-root-142 MuiMenuItem-gutters-143"
        onBlur={[Function]}
        onClick={[Function]}
        onContextMenu={[Function]}
        onFocus={[Function]}
        onKeyDown={[Function]}
        onKeyUp={[Function]}
        onMouseDown={[Function]}
        onMouseLeave={[Function]}
        onMouseUp={[Function]}
        onTouchEnd={[Function]}
        onTouchMove={[Function]}
        onTouchStart={[Function]}
        role="menuitem"
        tabIndex={-1}
      >
        Customer Hung Up During Call
        <span
          className="MuiTouchRipple-root-162"
        />
      </li>
      <li
        className="MuiButtonBase-root-124 MuiListItem-root-145 MuiListItem-default-148 MuiListItem-gutters-153 MuiListItem-button-154 MuiMenuItem-root-142 MuiMenuItem-gutters-143"
        onBlur={[Function]}
        onClick={[Function]}
        onContextMenu={[Function]}
        onFocus={[Function]}
        onKeyDown={[Function]}
        onKeyUp={[Function]}
        onMouseDown={[Function]}
        onMouseLeave={[Function]}
        onMouseUp={[Function]}
        onTouchEnd={[Function]}
        onTouchMove={[Function]}
        onTouchStart={[Function]}
        role="menuitem"
        tabIndex={-1}
      >
        Customer Hung Up During Transfer
        <span
          className="MuiTouchRipple-root-162"
        />
      </li>
      <li
        className="MuiButtonBase-root-124 MuiListItem-root-145 MuiListItem-default-148 MuiListItem-gutters-153 MuiListItem-button-154 MuiMenuItem-root-142 MuiMenuItem-gutters-143"
        onBlur={[Function]}
        onClick={[Function]}
        onContextMenu={[Function]}
        onFocus={[Function]}
        onKeyDown={[Function]}
        onKeyUp={[Function]}
        onMouseDown={[Function]}
        onMouseLeave={[Function]}
        onMouseUp={[Function]}
        onTouchEnd={[Function]}
        onTouchMove={[Function]}
        onTouchStart={[Function]}
        role="menuitem"
        tabIndex={-1}
      >
        Call Did Not Connect
        <span
          className="MuiTouchRipple-root-162"
        />
      </li>
      <li
        className="MuiButtonBase-root-124 MuiListItem-root-145 MuiListItem-default-148 MuiListItem-gutters-153 MuiListItem-button-154 MuiMenuItem-root-142 MuiMenuItem-gutters-143 menu-item-divider"
        onBlur={[Function]}
        onContextMenu={[Function]}
        onFocus={[Function]}
        onKeyDown={[Function]}
        onKeyUp={[Function]}
        onMouseDown={[Function]}
        onMouseLeave={[Function]}
        onMouseUp={[Function]}
        onTouchEnd={[Function]}
        onTouchMove={[Function]}
        onTouchStart={[Function]}
        role="menuitem"
        tabIndex={-1}
      >
        <hr
          className="MuiDivider-root-157 divider"
        />
        <span
          className="MuiTouchRipple-root-162"
        />
      </li>
      <li
        className="MuiButtonBase-root-124 MuiListItem-root-145 MuiListItem-default-148 MuiListItem-gutters-153 MuiListItem-button-154 MuiMenuItem-root-142 MuiMenuItem-gutters-143"
        onBlur={[Function]}
        onClick={[Function]}
        onContextMenu={[Function]}
        onFocus={[Function]}
        onKeyDown={[Function]}
        onKeyUp={[Function]}
        onMouseDown={[Function]}
        onMouseLeave={[Function]}
        onMouseUp={[Function]}
        onTouchEnd={[Function]}
        onTouchMove={[Function]}
        onTouchStart={[Function]}
        role="menuitem"
        tabIndex={-1}
      >
        Arrange a Callback
        <span
          className="MuiTouchRipple-root-162"
        />
      </li>
    </div>
  </div>
</div>
`;
