// Jest Snapshot v1, https://goo.gl/fbAQLP

exports[`EmploymentHistory renders correctly 1`] = `
<div
  className="MuiGrid-item-2 MuiGrid-grid-xs-12-41 css-trzcga"
>
  <div
    className="MuiGrid-container-1 MuiGrid-spacing-xs-16-24 MuiGrid-align-items-xs-center-9 MuiGrid-justify-xs-center-18"
  >
    <div
      className="MuiGrid-item-2 MuiGrid-grid-xs-12-41 title"
    >
      Employment History
    </div>
    <div
      className="MuiGrid-item-2 MuiGrid-grid-xs-12-41 paper-container"
    >
      <div
        className="MuiPaper-root-98 MuiPaper-elevation1-101 MuiPaper-rounded-99 paper"
      >
        <div
          className="MuiGrid-container-1 MuiGrid-align-items-xs-center-9 MuiGrid-justify-xs-center-18"
        >
          <div
            className="MuiGrid-item-2 MuiGrid-grid-xs-12-41"
          >
            <p
              className="MuiTypography-root-125 MuiTypography-body1-134 employment-label"
            >
              Current Employment
            </p>
          </div>
          <div
            className="MuiGrid-item-2 MuiGrid-grid-xs-12-41 css-1es052e"
          >
            <div
              className="MuiCardHeader-root-161 card-header"
            >
              <div
                className="MuiCardHeader-avatar-162"
              >
                <div
                  className="MuiAvatar-root-167 MuiAvatar-colorDefault-168 icon"
                  color="secondary"
                >
                  <svg
                    aria-hidden="true"
                    className="MuiSvgIcon-root-170 MuiSvgIcon-colorSecondary-172"
                    focusable="false"
                    role="presentation"
                    viewBox="0 0 24 24"
                  >
                    <path
                      d="M0 0h24v24H0zm10 5h4v2h-4zm0 0h4v2h-4z"
                      fill="none"
                    />
                    <path
                      d="M10 16v-1H3.01L3 19c0 1.11.89 2 2 2h14c1.11 0 2-.89 2-2v-4h-7v1h-4zm10-9h-4.01V5l-2-2h-4l-2 2v2H4c-1.1 0-2 .9-2 2v3c0 1.11.89 2 2 2h6v-2h4v2h6c1.1 0 2-.9 2-2V9c0-1.1-.9-2-2-2zm-6 0h-4V5h4v2z"
                    />
                  </svg>
                </div>
              </div>
              <div
                className="MuiCardHeader-content-164"
              >
                <span
                  className="MuiTypography-root-125 MuiTypography-body2-133 MuiCardHeader-title-165"
                >
                  <span
                    className="MuiTypography-root-125 MuiTypography-body1-134 title title-line-1"
                  >
                    Car detailer (Part-time)
                  </span>
                  <span
                    className="MuiTypography-root-125 MuiTypography-body1-134 title title-line-2"
                  >
                    Elliot S Naylor
                  </span>
                </span>
                <span
                  className="MuiTypography-root-125 MuiTypography-body2-133 MuiTypography-colorTextSecondary-158 MuiCardHeader-subheader-166 subheader"
                >
                  <span
                    className="MuiTypography-root-125 MuiTypography-body1-134 subheader-line"
                  >
                    3, Haven Haven-234, 21 Farburn Terrace
                  </span>
                  <span
                    className="MuiTypography-root-125 MuiTypography-body1-134 subheader-line"
                  >
                    LITTLE GREEN, IP23 8UJ
                  </span>
                  <span
                    className="MuiTypography-root-125 MuiTypography-body1-134 subheader-line"
                  >
                    +446349988077
                  </span>
                  <span
                    className="MuiTypography-root-125 MuiTypography-body1-134 subheader-line"
                  >
                    2 years, 25 months
                  </span>
                </span>
              </div>
              <div
                className="MuiCardHeader-action-163"
              >
                <button
                  className="MuiButtonBase-root-205 MuiButton-root-179 MuiButton-text-181 MuiButton-textSecondary-183 MuiButton-flat-184 MuiButton-flatSecondary-186 MuiButton-sizeSmall-202 action-btn"
                  disabled={false}
                  onBlur={[Function]}
                  onClick={[Function]}
                  onContextMenu={[Function]}
                  onFocus={[Function]}
                  onKeyDown={[Function]}
                  onKeyUp={[Function]}
                  onMouseDown={[Function]}
                  onMouseLeave={[Function]}
                  onMouseUp={[Function]}
                  onTouchEnd={[Function]}
                  onTouchMove={[Function]}
                  onTouchStart={[Function]}
                  tabIndex="0"
                  type="button"
                >
                  <span
                    className="MuiButton-label-180"
                  >
                    <svg
                      aria-hidden="true"
                      className="MuiSvgIcon-root-170 MuiSvgIcon-fontSizeSmall-177 action-icon"
                      focusable="false"
                      role="presentation"
                      viewBox="0 0 24 24"
                    >
                      <path
                        d="M3 17.25V21h3.75L17.81 9.94l-3.75-3.75L3 17.25zM20.71 7.04c.39-.39.39-1.02 0-1.41l-2.34-2.34a.9959.9959 0 0 0-1.41 0l-1.83 1.83 3.75 3.75 1.83-1.83z"
                      />
                      <path
                        d="M0 0h24v24H0z"
                        fill="none"
                      />
                    </svg>
                    Edit
                  </span>
                  <span
                    className="MuiTouchRipple-root-213"
                  />
                </button>
              </div>
            </div>
            <hr
              className="MuiDivider-root-208 divider"
            />
          </div>
        </div>
      </div>
      <div
        className="MuiPaper-root-98 MuiPaper-elevation1-101 MuiPaper-rounded-99 paper"
      >
        <div
          className="MuiGrid-container-1 MuiGrid-align-items-xs-center-9 MuiGrid-justify-xs-center-18"
        >
          <div
            className="MuiGrid-item-2 MuiGrid-grid-xs-12-41"
          >
            <p
              className="MuiTypography-root-125 MuiTypography-body1-134 employment-label"
            >
              Previous Employment
            </p>
          </div>
          <div
            className="MuiGrid-item-2 MuiGrid-grid-xs-12-41 css-1es052e"
          >
            <div
              className="MuiCardHeader-root-161 card-header"
            >
              <div
                className="MuiCardHeader-avatar-162"
              >
                <div
                  className="MuiAvatar-root-167 MuiAvatar-colorDefault-168 icon"
                  color="secondary"
                >
                  <svg
                    aria-hidden="true"
                    className="MuiSvgIcon-root-170 MuiSvgIcon-colorSecondary-172"
                    focusable="false"
                    role="presentation"
                    viewBox="0 0 24 24"
                  >
                    <path
                      d="M0 0h24v24H0zm10 5h4v2h-4zm0 0h4v2h-4z"
                      fill="none"
                    />
                    <path
                      d="M10 16v-1H3.01L3 19c0 1.11.89 2 2 2h14c1.11 0 2-.89 2-2v-4h-7v1h-4zm10-9h-4.01V5l-2-2h-4l-2 2v2H4c-1.1 0-2 .9-2 2v3c0 1.11.89 2 2 2h6v-2h4v2h6c1.1 0 2-.9 2-2V9c0-1.1-.9-2-2-2zm-6 0h-4V5h4v2z"
                    />
                  </svg>
                </div>
              </div>
              <div
                className="MuiCardHeader-content-164"
              >
                <span
                  className="MuiTypography-root-125 MuiTypography-body2-133 MuiCardHeader-title-165"
                >
                  <span
                    className="MuiTypography-root-125 MuiTypography-body1-134 title title-line-1"
                  >
                    Car rental agent (Full-time)
                  </span>
                  <span
                    className="MuiTypography-root-125 MuiTypography-body1-134 title title-line-2"
                  >
                    Zara R Woods
                  </span>
                </span>
                <span
                  className="MuiTypography-root-125 MuiTypography-body2-133 MuiTypography-colorTextSecondary-158 MuiCardHeader-subheader-166 subheader"
                >
                  <span
                    className="MuiTypography-root-125 MuiTypography-body1-134 subheader-line"
                  >
                    2, Granary Granary-23, 75 Golf Road
                  </span>
                  <span
                    className="MuiTypography-root-125 MuiTypography-body1-134 subheader-line"
                  >
                    SWILLAND, IP6 3YZ
                  </span>
                  <span
                    className="MuiTypography-root-125 MuiTypography-body1-134 subheader-line"
                  >
                    +446349900077
                  </span>
                  <span
                    className="MuiTypography-root-125 MuiTypography-body1-134 subheader-line"
                  >
                    1 years, 11 months
                  </span>
                </span>
              </div>
              <div
                className="MuiCardHeader-action-163"
              >
                <button
                  className="MuiButtonBase-root-205 MuiButton-root-179 MuiButton-text-181 MuiButton-textSecondary-183 MuiButton-flat-184 MuiButton-flatSecondary-186 MuiButton-sizeSmall-202 action-btn"
                  disabled={false}
                  onBlur={[Function]}
                  onClick={[Function]}
                  onContextMenu={[Function]}
                  onFocus={[Function]}
                  onKeyDown={[Function]}
                  onKeyUp={[Function]}
                  onMouseDown={[Function]}
                  onMouseLeave={[Function]}
                  onMouseUp={[Function]}
                  onTouchEnd={[Function]}
                  onTouchMove={[Function]}
                  onTouchStart={[Function]}
                  tabIndex="0"
                  type="button"
                >
                  <span
                    className="MuiButton-label-180"
                  >
                    <svg
                      aria-hidden="true"
                      className="MuiSvgIcon-root-170 MuiSvgIcon-fontSizeSmall-177 action-icon"
                      focusable="false"
                      role="presentation"
                      viewBox="0 0 24 24"
                    >
                      <path
                        d="M3 17.25V21h3.75L17.81 9.94l-3.75-3.75L3 17.25zM20.71 7.04c.39-.39.39-1.02 0-1.41l-2.34-2.34a.9959.9959 0 0 0-1.41 0l-1.83 1.83 3.75 3.75 1.83-1.83z"
                      />
                      <path
                        d="M0 0h24v24H0z"
                        fill="none"
                      />
                    </svg>
                    Edit
                  </span>
                  <span
                    className="MuiTouchRipple-root-213"
                  />
                </button>
              </div>
            </div>
            <hr
              className="MuiDivider-root-208 divider"
            />
          </div>
        </div>
      </div>
    </div>
    <div
      className="MuiGrid-item-2 MuiGrid-grid-xs-12-41 add-employment-container"
    >
      <button
        className="MuiButtonBase-root-205 MuiButton-root-179 MuiButton-contained-190 MuiButton-containedSecondary-192 MuiButton-raised-193 MuiButton-raisedSecondary-195 add-employment-btn"
        disabled={false}
        onBlur={[Function]}
        onClick={[Function]}
        onContextMenu={[Function]}
        onFocus={[Function]}
        onKeyDown={[Function]}
        onKeyUp={[Function]}
        onMouseDown={[Function]}
        onMouseLeave={[Function]}
        onMouseUp={[Function]}
        onTouchEnd={[Function]}
        onTouchMove={[Function]}
        onTouchStart={[Function]}
        tabIndex="0"
        type="button"
      >
        <span
          className="MuiButton-label-180"
        >
          <svg
            aria-hidden="true"
            className="MuiSvgIcon-root-170 MuiSvgIcon-fontSizeSmall-177 action-icon"
            focusable="false"
            role="presentation"
            viewBox="0 0 24 24"
          >
            <path
              d="M19 13h-6v6h-2v-6H5v-2h6V5h2v6h6v2z"
            />
            <path
              d="M0 0h24v24H0z"
              fill="none"
            />
          </svg>
          Add Employment
        </span>
        <span
          className="MuiTouchRipple-root-213"
        />
      </button>
    </div>
  </div>
</div>
`;
