// Jest Snapshot v1, https://goo.gl/fbAQLP

exports[`QualifyingWrapper renders correctly, with props 1`] = `
<div>
  <button
    className="onNext"
    onClick={[Function]}
    type="button"
  >
    onNext
  </button>
  <button
    className="onPrevious"
    onClick={[Function]}
    type="button"
  >
    onPrevious
  </button>
  <div />
</div>
`;

exports[`QualifyingWrapper renders correctly, without any props 1`] = `
<div>
  <button
    className="onNext"
    onClick={[Function]}
    type="button"
  >
    onNext
  </button>
  <button
    className="onPrevious"
    onClick={[Function]}
    type="button"
  >
    onPrevious
  </button>
  <div />
</div>
`;
